172.245.168.36 - - [15/Aug/2024:19:18:28 +0700] "POST /index.php/wp-json/litespeed/v1/cdn_status HTTP/1.1" 404 168 "https://pinky204.id.vn/wp-admin/update.php?action=upload-plugin" "Mozilla/5.0 (Windows NT 10.0; Win64; x64; rv:128.0) Gecko/20100101 Firefox/128.0"
103.169.35.190 - - [15/Aug/2024:19:18:29 +0700] "POST /wp-cron.php?doing_wp_cron=1723724309.2288370132446289062500 HTTP/1.1" 200 0 "-" "WordPress/6.6.1; https://pinky204.id.vn"
66.249.66.194 - - [15/Aug/2024:19:24:52 +0700] "GET /wp-content/uploads/2024/07/STEAM40hkd-81992.png HTTP/1.1" 200 362815 "-" "Googlebot-Image/1.0"
66.249.69.194 - - [15/Aug/2024:23:48:24 +0700] "GET /wp-content/uploads/2024/07/STEAM-80-HKD.png HTTP/1.1" 200 467096 "-" "Googlebot-Image/1.0"
85.208.96.206 - - [16/Aug/2024:00:19:04 +0700] "GET /tu-khoa-san-pham/steam-wallet-nap-cham/ HTTP/1.1" 200 36425 "-" "Mozilla/5.0 (compatible; SemrushBot/7~bl; +http://www.semrush.com/bot.html)"
103.169.35.190 - - [16/Aug/2024:00:23:20 +0700] "POST /wp-cron.php?doing_wp_cron=1723742600.0827119350433349609375 HTTP/1.1" 200 0 "-" "WordPress/6.6.1; https://pinky204.id.vn"
85.208.96.193 - - [16/Aug/2024:00:19:01 +0700] "GET /robots.txt HTTP/1.1" 200 116 "-" "Mozilla/5.0 (compatible; SemrushBot/7~bl; +http://www.semrush.com/bot.html)"
85.208.96.196 - - [16/Aug/2024:00:23:18 +0700] "GET /tu-khoa-san-pham/spotify/ HTTP/1.1" 200 36846 "-" "Mozilla/5.0 (compatible; SemrushBot/7~bl; +http://www.semrush.com/bot.html)"
103.169.35.190 - - [16/Aug/2024:00:19:03 +0700] "POST /wp-cron.php?doing_wp_cron=1723742343.0196130275726318359375 HTTP/1.1" 200 0 "-" "WordPress/6.6.1; https://pinky204.id.vn"
172.245.168.36 - - [16/Aug/2024:00:54:10 +0700] "POST /index.php/wp-json/litespeed/v1/cdn_status HTTP/1.1" 404 168 "https://mail.pinky204.id.vn/wp-admin/update.php?action=upload-plugin" "Mozilla/5.0 (Windows NT 10.0; Win64; x64; rv:128.0) Gecko/20100101 Firefox/128.0"
103.169.35.190 - - [16/Aug/2024:00:54:12 +0700] "POST /wp-cron.php?doing_wp_cron=1723744451.8690659999847412109375 HTTP/1.1" 200 0 "-" "WordPress/6.6.1; https://mail.pinky204.id.vn"
103.169.35.190 - - [16/Aug/2024:01:04:38 +0700] "POST /wp-cron.php?doing_wp_cron=1723745078.0323619842529296875000 HTTP/1.1" 200 0 "-" "WordPress/6.6.1; https://pinky204.id.vn"
85.208.96.194 - - [16/Aug/2024:01:04:36 +0700] "GET /tu-khoa-san-pham/lam-viec/ HTTP/1.1" 200 36531 "-" "Mozilla/5.0 (compatible; SemrushBot/7~bl; +http://www.semrush.com/bot.html)"
185.191.171.12 - - [16/Aug/2024:01:28:56 +0700] "GET /robots.txt HTTP/1.1" 200 116 "-" "Mozilla/5.0 (compatible; SemrushBot/7~bl; +http://www.semrush.com/bot.html)"
103.169.35.190 - - [16/Aug/2024:01:31:15 +0700] "POST /wp-cron.php?doing_wp_cron=1723746675.0564539432525634765625 HTTP/1.1" 200 0 "-" "WordPress/6.6.1; https://pinky204.id.vn"
103.169.35.190 - - [16/Aug/2024:01:28:57 +0700] "POST /wp-cron.php?doing_wp_cron=1723746537.4006829261779785156250 HTTP/1.1" 200 0 "-" "WordPress/6.6.1; https://pinky204.id.vn"
185.191.171.16 - - [16/Aug/2024:01:28:58 +0700] "GET /wishlist-2/ HTTP/1.1" 200 33356 "-" "Mozilla/5.0 (compatible; SemrushBot/7~bl; +http://www.semrush.com/bot.html)"
185.191.171.11 - - [16/Aug/2024:01:31:13 +0700] "GET /san-pham/elden-ring-cd-key-steam/ HTTP/1.1" 200 42233 "-" "Mozilla/5.0 (compatible; SemrushBot/7~bl; +http://www.semrush.com/bot.html)"
103.169.35.190 - - [16/Aug/2024:01:49:46 +0700] "POST /wp-cron.php?doing_wp_cron=1723747786.1461560726165771484375 HTTP/1.1" 200 0 "-" "WordPress/6.6.1; https://pinky204.id.vn"
172.245.168.36 - - [16/Aug/2024:01:49:44 +0700] "POST /index.php/wp-json/litespeed/v1/cdn_status HTTP/1.1" 404 168 "https://pinky204.id.vn/wp-admin/update.php?action=upload-plugin" "Mozilla/5.0 (Windows NT 10.0; Win64; x64; rv:128.0) Gecko/20100101 Firefox/128.0"
103.169.35.190 - - [16/Aug/2024:02:22:37 +0700] "POST /wp-cron.php?doing_wp_cron=1723749756.8139300346374511718750 HTTP/1.1" 200 0 "-" "WordPress/6.6.1; https://pinky204.id.vn"
185.191.171.3 - - [16/Aug/2024:02:22:35 +0700] "GET /category/introduce/ HTTP/1.1" 200 34941 "-" "Mozilla/5.0 (compatible; SemrushBot/7~bl; +http://www.semrush.com/bot.html)"
85.208.96.193 - - [16/Aug/2024:02:57:42 +0700] "GET /robots.txt HTTP/1.1" 200 116 "-" "Mozilla/5.0 (compatible; SemrushBot/7~bl; +http://www.semrush.com/bot.html)"
103.169.35.190 - - [16/Aug/2024:02:57:43 +0700] "POST /wp-cron.php?doing_wp_cron=1723751863.3702399730682373046875 HTTP/1.1" 200 0 "-" "WordPress/6.6.1; https://pinky204.id.vn"
85.208.96.201 - - [16/Aug/2024:02:57:44 +0700] "GET /wishlist/ HTTP/1.1" 200 35813 "-" "Mozilla/5.0 (compatible; SemrushBot/7~bl; +http://www.semrush.com/bot.html)"
103.169.35.190 - - [16/Aug/2024:03:18:22 +0700] "POST /wp-cron.php?doing_wp_cron=1723753101.4626588821411132812500 HTTP/1.1" 200 0 "-" "WordPress/6.6.1; https://mail.pinky204.id.vn"
172.245.168.36 - - [16/Aug/2024:03:18:20 +0700] "POST /index.php/wp-json/litespeed/v1/cdn_status HTTP/1.1" 404 168 "https://mail.pinky204.id.vn/wp-admin/update.php?action=upload-plugin" "Mozilla/5.0 (Windows NT 10.0; Win64; x64; rv:128.0) Gecko/20100101 Firefox/128.0"
103.169.35.190 - - [16/Aug/2024:03:41:23 +0700] "POST /wp-cron.php?doing_wp_cron=1723754483.7395660877227783203125 HTTP/1.1" 200 0 "-" "WordPress/6.6.1; https://pinky204.id.vn"
85.208.96.200 - - [16/Aug/2024:03:41:22 +0700] "GET /tag/kham-pha-the-gioi-game-dinh-cao-voi-xbox-game-pass-va-xbox-game-pass-ultimate/ HTTP/1.1" 200 35500 "-" "Mozilla/5.0 (compatible; SemrushBot/7~bl; +http://www.semrush.com/bot.html)"
103.169.35.190 - - [16/Aug/2024:04:18:50 +0700] "POST /wp-cron.php?doing_wp_cron=1723756730.2858870029449462890625 HTTP/1.1" 200 0 "-" "WordPress/6.6.1; https://pinky204.id.vn"
103.169.35.190 - - [16/Aug/2024:04:13:22 +0700] "POST /wp-cron.php?doing_wp_cron=1723756402.4143989086151123046875 HTTP/1.1" 200 0 "-" "WordPress/6.6.1; https://pinky204.id.vn"
85.208.96.201 - - [16/Aug/2024:04:25:49 +0700] "GET /danh-muc-san-pham/steam-wallet-card/ HTTP/1.1" 404 32232 "-" "Mozilla/5.0 (compatible; SemrushBot/7~bl; +http://www.semrush.com/bot.html)"
185.191.171.3 - - [16/Aug/2024:04:18:49 +0700] "GET /robots.txt HTTP/1.1" 200 116 "-" "Mozilla/5.0 (compatible; SemrushBot/7~bl; +http://www.semrush.com/bot.html)"
103.169.35.190 - - [16/Aug/2024:04:27:48 +0700] "POST /wp-cron.php?doing_wp_cron=1723757268.2655119895935058593750 HTTP/1.1" 200 0 "-" "WordPress/6.6.1; https://pinky204.id.vn"
172.245.168.36 - - [16/Aug/2024:04:13:21 +0700] "POST /index.php/wp-json/litespeed/v1/cdn_status HTTP/1.1" 404 168 "https://pinky204.id.vn/wp-admin/update.php?action=upload-plugin" "Mozilla/5.0 (Windows NT 10.0; Win64; x64; rv:128.0) Gecko/20100101 Firefox/128.0"
85.208.96.193 - - [16/Aug/2024:04:27:47 +0700] "GET /tu-khoa-san-pham/steam-wallet-code-hkd/ HTTP/1.1" 200 37068 "-" "Mozilla/5.0 (compatible; SemrushBot/7~bl; +http://www.semrush.com/bot.html)"
185.191.171.6 - - [16/Aug/2024:04:18:51 +0700] "GET /demo/index.php/product-category/clothing-beauty/ HTTP/1.1" 301 0 "-" "Mozilla/5.0 (compatible; SemrushBot/7~bl; +http://www.semrush.com/bot.html)"
103.169.35.190 - - [16/Aug/2024:04:25:51 +0700] "POST /wp-cron.php?doing_wp_cron=1723757151.0165901184082031250000 HTTP/1.1" 200 0 "-" "WordPress/6.6.1; https://pinky204.id.vn"
185.191.171.11 - - [16/Aug/2024:04:18:54 +0700] "GET /demo/product-category/clothing-beauty/ HTTP/1.1" 404 32252 "-" "Mozilla/5.0 (compatible; SemrushBot/7~bl; +http://www.semrush.com/bot.html)"
103.169.35.190 - - [16/Aug/2024:04:42:21 +0700] "POST /wp-cron.php?doing_wp_cron=1723758141.3251090049743652343750 HTTP/1.1" 200 0 "-" "WordPress/6.6.1; https://pinky204.id.vn"
85.208.96.199 - - [16/Aug/2024:04:42:20 +0700] "GET /tu-khoa-san-pham/canva-pro/ HTTP/1.1" 200 35904 "-" "Mozilla/5.0 (compatible; SemrushBot/7~bl; +http://www.semrush.com/bot.html)"
138.199.60.40 - - [16/Aug/2024:05:33:01 +0700] "GET //wp-content/plugins/wp-catcher/index.php HTTP/1.1" 403 699 "-" "Mozilla/5.0 (Windows NT 10.0; Win64; x64) AppleWebKit/537.36 (KHTML, like Gecko) Chrome/90.0.4430.85 Safari/537.36"
66.249.71.32 - - [16/Aug/2024:05:52:11 +0700] "GET /wp-content/uploads/elementor/css/post-92.css?ver=1723680000 HTTP/1.1" 200 335 "https://www.pinky204.id.vn/home/" "Mozilla/5.0 (Linux; Android 6.0.1; Nexus 5X Build/MMB29P) AppleWebKit/537.36 (KHTML, like Gecko) Chrome/127.0.6533.99 Mobile Safari/537.36 (compatible; Googlebot/2.1; +http://www.google.com/bot.html)"
66.249.66.194 - - [16/Aug/2024:05:52:12 +0700] "GET /wp-content/uploads/elementor/css/post-468.css?ver=1723680000 HTTP/1.1" 200 1022 "https://www.pinky204.id.vn/home/" "Mozilla/5.0 (Linux; Android 6.0.1; Nexus 5X Build/MMB29P) AppleWebKit/537.36 (KHTML, like Gecko) Chrome/127.0.6533.99 Mobile Safari/537.36 (compatible; Googlebot/2.1; +http://www.google.com/bot.html)"
66.249.71.46 - - [16/Aug/2024:05:52:13 +0700] "GET /wp-content/themes/steelthemes-nest/style.css?ver=1723680000 HTTP/1.1" 200 2890 "https://www.pinky204.id.vn/home/" "Mozilla/5.0 (Linux; Android 6.0.1; Nexus 5X Build/MMB29P) AppleWebKit/537.36 (KHTML, like Gecko) Chrome/127.0.6533.99 Mobile Safari/537.36 (compatible; Googlebot/2.1; +http://www.google.com/bot.html)"
66.249.71.46 - - [16/Aug/2024:05:52:15 +0700] "GET /wp-content/plugins/mailchimp-for-wp/assets/js/forms.js?ver=4.9.13 HTTP/1.1" 200 2455 "https://www.pinky204.id.vn/home/" "Mozilla/5.0 (Linux; Android 6.0.1; Nexus 5X Build/MMB29P) AppleWebKit/537.36 (KHTML, like Gecko) Chrome/127.0.6533.99 Mobile Safari/537.36 (compatible; Googlebot/2.1; +http://www.google.com/bot.html)"
66.249.66.194 - - [16/Aug/2024:05:52:15 +0700] "GET /wp-content/plugins/nest-addons/woocommerce/product-search/js/main.js?ver=1.0 HTTP/1.1" 200 693 "https://www.pinky204.id.vn/home/" "Mozilla/5.0 (Linux; Android 6.0.1; Nexus 5X Build/MMB29P) AppleWebKit/537.36 (KHTML, like Gecko) Chrome/127.0.6533.99 Mobile Safari/537.36 (compatible; Googlebot/2.1; +http://www.google.com/bot.html)"
66.249.66.194 - - [16/Aug/2024:05:52:16 +0700] "GET /wp-content/plugins/woocommerce/assets/js/select2/select2.full.min.js?ver=4.0.3-wc.9.0.2 HTTP/1.1" 200 19579 "https://www.pinky204.id.vn/home/" "Mozilla/5.0 (Linux; Android 6.0.1; Nexus 5X Build/MMB29P) AppleWebKit/537.36 (KHTML, like Gecko) Chrome/127.0.6533.99 Mobile Safari/537.36 (compatible; Googlebot/2.1; +http://www.google.com/bot.html)"
66.249.71.46 - - [16/Aug/2024:05:52:16 +0700] "GET /wp-content/plugins/revslider/public/assets/js/rs6.min.js?ver=6.6.11 HTTP/1.1" 200 103481 "https://www.pinky204.id.vn/home/" "Mozilla/5.0 (Linux; Android 6.0.1; Nexus 5X Build/MMB29P) AppleWebKit/537.36 (KHTML, like Gecko) Chrome/127.0.6533.99 Mobile Safari/537.36 (compatible; Googlebot/2.1; +http://www.google.com/bot.html)"
66.249.66.194 - - [16/Aug/2024:05:52:17 +0700] "GET /wp-content/plugins/nest-addons/assets/js/main.js?ver=1723680000 HTTP/1.1" 200 4397 "https://www.pinky204.id.vn/home/" "Mozilla/5.0 (Linux; Android 6.0.1; Nexus 5X Build/MMB29P) AppleWebKit/537.36 (KHTML, like Gecko) Chrome/127.0.6533.99 Mobile Safari/537.36 (compatible; Googlebot/2.1; +http://www.google.com/bot.html)"
66.249.71.46 - - [16/Aug/2024:05:52:18 +0700] "GET /wp-content/plugins/woo-variation-swatches/assets/css/frontend.min.css?ver=1719022100 HTTP/1.1" 200 4297 "https://www.pinky204.id.vn/home/" "Mozilla/5.0 (Linux; Android 6.0.1; Nexus 5X Build/MMB29P) AppleWebKit/537.36 (KHTML, like Gecko) Chrome/127.0.6533.99 Mobile Safari/537.36 (compatible; Googlebot/2.1; +http://www.google.com/bot.html)"
66.249.66.194 - - [16/Aug/2024:05:52:19 +0700] "GET /wp-content/uploads/elementor/css/post-468.css?ver=1723680000 HTTP/1.1" 200 1022 "https://www.pinky204.id.vn/home/" "Mozilla/5.0 (Linux; Android 6.0.1; Nexus 5X Build/MMB29P) AppleWebKit/537.36 (KHTML, like Gecko) Chrome/127.0.6533.99 Mobile Safari/537.36 (compatible; Googlebot/2.1; +http://www.google.com/bot.html)"
66.249.71.46 - - [16/Aug/2024:05:52:19 +0700] "GET /wp-content/uploads/elementor/css/post-550.css?ver=1723680000 HTTP/1.1" 200 138 "https://www.pinky204.id.vn/home/" "Mozilla/5.0 (Linux; Android 6.0.1; Nexus 5X Build/MMB29P) AppleWebKit/537.36 (KHTML, like Gecko) Chrome/127.0.6533.99 Mobile Safari/537.36 (compatible; Googlebot/2.1; +http://www.google.com/bot.html)"
66.249.66.194 - - [16/Aug/2024:05:52:19 +0700] "GET /wp-content/plugins/nest-addons/assets/css/vendors/bootstrap.min.css?ver=5.0.2 HTTP/1.1" 200 20018 "https://www.pinky204.id.vn/home/" "Mozilla/5.0 (Linux; Android 6.0.1; Nexus 5X Build/MMB29P) AppleWebKit/537.36 (KHTML, like Gecko) Chrome/127.0.6533.99 Mobile Safari/537.36 (compatible; Googlebot/2.1; +http://www.google.com/bot.html)"
66.249.71.46 - - [16/Aug/2024:05:52:19 +0700] "GET /wp-content/plugins/elementor/assets/css/frontend-lite.min.css?ver=3.22.3 HTTP/1.1" 200 16590 "https://www.pinky204.id.vn/home/" "Mozilla/5.0 (Linux; Android 6.0.1; Nexus 5X Build/MMB29P) AppleWebKit/537.36 (KHTML, like Gecko) Chrome/127.0.6533.99 Mobile Safari/537.36 (compatible; Googlebot/2.1; +http://www.google.com/bot.html)"
66.249.66.194 - - [16/Aug/2024:05:52:20 +0700] "GET /wp-content/themes/steelthemes-nest/style.css?ver=1723680000 HTTP/1.1" 200 2890 "https://www.pinky204.id.vn/home/" "Mozilla/5.0 (Linux; Android 6.0.1; Nexus 5X Build/MMB29P) AppleWebKit/537.36 (KHTML, like Gecko) Chrome/127.0.6533.99 Mobile Safari/537.36 (compatible; Googlebot/2.1; +http://www.google.com/bot.html)"
66.249.71.46 - - [16/Aug/2024:05:52:20 +0700] "GET /wp-content/plugins/nest-addons/assets/js/plugins/infinite-scroll.pkgd.min.js?ver=4.0.1 HTTP/1.1" 200 6481 "https://www.pinky204.id.vn/home/" "Mozilla/5.0 (Linux; Android 6.0.1; Nexus 5X Build/MMB29P) AppleWebKit/537.36 (KHTML, like Gecko) Chrome/127.0.6533.99 Mobile Safari/537.36 (compatible; Googlebot/2.1; +http://www.google.com/bot.html)"
66.249.71.46 - - [16/Aug/2024:05:52:21 +0700] "GET /wp-content/uploads/elementor/css/global.css?ver=1723680000 HTTP/1.1" 200 3602 "https://www.pinky204.id.vn/home/" "Mozilla/5.0 (Linux; Android 6.0.1; Nexus 5X Build/MMB29P) AppleWebKit/537.36 (KHTML, like Gecko) Chrome/127.0.6533.99 Mobile Safari/537.36 (compatible; Googlebot/2.1; +http://www.google.com/bot.html)"
66.249.71.46 - - [16/Aug/2024:05:52:21 +0700] "GET /wp-content/plugins/wallet-system-for-woocommerce/package/lib/slick/slick.min.css?ver=2.5.13 HTTP/1.1" 200 436 "https://www.pinky204.id.vn/home/" "Mozilla/5.0 (Linux; Android 6.0.1; Nexus 5X Build/MMB29P) AppleWebKit/537.36 (KHTML, like Gecko) Chrome/127.0.6533.99 Mobile Safari/537.36 (compatible; Googlebot/2.1; +http://www.google.com/bot.html)"
66.249.71.46 - - [16/Aug/2024:05:52:22 +0700] "GET /wp-content/themes/steelthemes-nest/assets/css/overwrite/mobile.css?ver=6.6.1 HTTP/1.1" 200 2720 "https://www.pinky204.id.vn/home/" "Mozilla/5.0 (Linux; Android 6.0.1; Nexus 5X Build/MMB29P) AppleWebKit/537.36 (KHTML, like Gecko) Chrome/127.0.6533.99 Mobile Safari/537.36 (compatible; Googlebot/2.1; +http://www.google.com/bot.html)"
66.249.71.46 - - [16/Aug/2024:05:52:22 +0700] "GET /wp-content/plugins/nest-addons/woocommerce/product-search/js/main.js?ver=1.0 HTTP/1.1" 200 693 "https://www.pinky204.id.vn/home/" "Mozilla/5.0 (Linux; Android 6.0.1; Nexus 5X Build/MMB29P) AppleWebKit/537.36 (KHTML, like Gecko) Chrome/127.0.6533.99 Mobile Safari/537.36 (compatible; Googlebot/2.1; +http://www.google.com/bot.html)"
66.249.71.46 - - [16/Aug/2024:05:52:23 +0700] "GET /wp-content/plugins/woocommerce/assets/css/woocommerce-layout.css?ver=9.0.2 HTTP/1.1" 200 2342 "https://www.pinky204.id.vn/home/" "Mozilla/5.0 (Linux; Android 6.0.1; Nexus 5X Build/MMB29P) AppleWebKit/537.36 (KHTML, like Gecko) Chrome/127.0.6533.99 Mobile Safari/537.36 (compatible; Googlebot/2.1; +http://www.google.com/bot.html)"
103.169.35.190 - - [16/Aug/2024:05:52:02 +0700] "POST /wp-cron.php?doing_wp_cron=1723762322.7586429119110107421875 HTTP/1.1" 200 0 "-" "WordPress/6.6.1; https://www.pinky204.id.vn"
66.249.66.196 - - [16/Aug/2024:05:52:01 +0700] "GET /home/662 HTTP/1.1" 301 0 "-" "Mozilla/5.0 (Linux; Android 6.0.1; Nexus 5X Build/MMB29P) AppleWebKit/537.36 (KHTML, like Gecko) Chrome/127.0.6533.119 Mobile Safari/537.36 (compatible; Googlebot/2.1; +http://www.google.com/bot.html)"
66.249.66.194 - - [16/Aug/2024:05:52:17 +0700] "GET /wp-includes/js/dist/api-fetch.min.js?ver=4c185334c5ec26e149cc HTTP/1.1" 200 2202 "https://www.pinky204.id.vn/home/" "Mozilla/5.0 (Linux; Android 6.0.1; Nexus 5X Build/MMB29P) AppleWebKit/537.36 (KHTML, like Gecko) Chrome/127.0.6533.99 Mobile Safari/537.36 (compatible; Googlebot/2.1; +http://www.google.com/bot.html)"
66.249.66.194 - - [16/Aug/2024:05:52:17 +0700] "GET /wp-content/plugins/woocommerce/assets/js/frontend/woocommerce.min.js?ver=9.0.2 HTTP/1.1" 200 814 "https://www.pinky204.id.vn/home/" "Mozilla/5.0 (Linux; Android 6.0.1; Nexus 5X Build/MMB29P) AppleWebKit/537.36 (KHTML, like Gecko) Chrome/127.0.6533.99 Mobile Safari/537.36 (compatible; Googlebot/2.1; +http://www.google.com/bot.html)"
66.249.66.194 - - [16/Aug/2024:05:52:18 +0700] "GET /wp-content/themes/steelthemes-nest/assets/css/metabox.css?ver=1723680000 HTTP/1.1" 200 1411 "https://www.pinky204.id.vn/home/" "Mozilla/5.0 (Linux; Android 6.0.1; Nexus 5X Build/MMB29P) AppleWebKit/537.36 (KHTML, like Gecko) Chrome/127.0.6533.99 Mobile Safari/537.36 (compatible; Googlebot/2.1; +http://www.google.com/bot.html)"
66.249.66.194 - - [16/Aug/2024:05:52:18 +0700] "GET /wp-content/plugins/woo-smart-compare/assets/css/frontend.css?ver=6.2.6 HTTP/1.1" 200 4736 "https://www.pinky204.id.vn/home/" "Mozilla/5.0 (Linux; Android 6.0.1; Nexus 5X Build/MMB29P) AppleWebKit/537.36 (KHTML, like Gecko) Chrome/127.0.6533.99 Mobile Safari/537.36 (compatible; Googlebot/2.1; +http://www.google.com/bot.html)"
66.249.66.194 - - [16/Aug/2024:05:52:19 +0700] "GET /wp-includes/js/jquery/jquery-migrate.min.js?ver=3.4.1 HTTP/1.1" 200 4678 "https://www.pinky204.id.vn/home/" "Mozilla/5.0 (Linux; Android 6.0.1; Nexus 5X Build/MMB29P) AppleWebKit/537.36 (KHTML, like Gecko) Chrome/127.0.6533.99 Mobile Safari/537.36 (compatible; Googlebot/2.1; +http://www.google.com/bot.html)"
66.249.66.194 - - [16/Aug/2024:05:52:20 +0700] "GET /wp-content/plugins/contact-form-7/includes/css/styles.css?ver=5.9.6 HTTP/1.1" 200 890 "https://www.pinky204.id.vn/home/" "Mozilla/5.0 (Linux; Android 6.0.1; Nexus 5X Build/MMB29P) AppleWebKit/537.36 (KHTML, like Gecko) Chrome/127.0.6533.99 Mobile Safari/537.36 (compatible; Googlebot/2.1; +http://www.google.com/bot.html)"
66.249.66.194 - - [16/Aug/2024:05:52:21 +0700] "GET /wp-content/plugins/ajax-search-for-woocommerce/assets/css/style.min.css?ver=1.28.0 HTTP/1.1" 200 6123 "https://www.pinky204.id.vn/home/" "Mozilla/5.0 (Linux; Android 6.0.1; Nexus 5X Build/MMB29P) AppleWebKit/537.36 (KHTML, like Gecko) Chrome/127.0.6533.99 Mobile Safari/537.36 (compatible; Googlebot/2.1; +http://www.google.com/bot.html)"
66.249.66.194 - - [16/Aug/2024:05:52:22 +0700] "GET /wp-content/plugins/wallet-system-for-woocommerce/package/lib/slick/slick.min.js?ver=2.5.13 HTTP/1.1" 200 10093 "https://www.pinky204.id.vn/home/" "Mozilla/5.0 (Linux; Android 6.0.1; Nexus 5X Build/MMB29P) AppleWebKit/537.36 (KHTML, like Gecko) Chrome/127.0.6533.99 Mobile Safari/537.36 (compatible; Googlebot/2.1; +http://www.google.com/bot.html)"
66.249.66.4 - - [16/Aug/2024:05:52:24 +0700] "GET /wp-content/plugins/woocommerce/assets/css/woocommerce-smallscreen.css?ver=9.0.2 HTTP/1.1" 200 1065 "https://www.pinky204.id.vn/home/" "Mozilla/5.0 (Linux; Android 6.0.1; Nexus 5X Build/MMB29P) AppleWebKit/537.36 (KHTML, like Gecko) Chrome/127.0.6533.99 Mobile Safari/537.36 (compatible; Googlebot/2.1; +http://www.google.com/bot.html)"
66.249.66.195 - - [16/Aug/2024:05:52:11 +0700] "GET /wp-content/uploads/elementor/css/global.css?ver=1723680000 HTTP/1.1" 200 3602 "https://www.pinky204.id.vn/home/" "Mozilla/5.0 (Linux; Android 6.0.1; Nexus 5X Build/MMB29P) AppleWebKit/537.36 (KHTML, like Gecko) Chrome/127.0.6533.99 Mobile Safari/537.36 (compatible; Googlebot/2.1; +http://www.google.com/bot.html)"
66.249.66.195 - - [16/Aug/2024:05:52:12 +0700] "GET /wp-content/uploads/elementor/css/post-550.css?ver=1723680000 HTTP/1.1" 200 138 "https://www.pinky204.id.vn/home/" "Mozilla/5.0 (Linux; Android 6.0.1; Nexus 5X Build/MMB29P) AppleWebKit/537.36 (KHTML, like Gecko) Chrome/127.0.6533.99 Mobile Safari/537.36 (compatible; Googlebot/2.1; +http://www.google.com/bot.html)"
66.249.66.195 - - [16/Aug/2024:05:52:13 +0700] "GET /wp-content/plugins/ajax-search-for-woocommerce/assets/css/style.min.css?ver=1.28.0 HTTP/1.1" 200 6123 "https://www.pinky204.id.vn/home/" "Mozilla/5.0 (Linux; Android 6.0.1; Nexus 5X Build/MMB29P) AppleWebKit/537.36 (KHTML, like Gecko) Chrome/127.0.6533.99 Mobile Safari/537.36 (compatible; Googlebot/2.1; +http://www.google.com/bot.html)"
66.249.66.195 - - [16/Aug/2024:05:52:13 +0700] "GET /wp-content/plugins/woocommerce/assets/js/jquery-blockui/jquery.blockUI.min.js?ver=2.7.0-wc.9.0.2 HTTP/1.1" 200 3277 "https://www.pinky204.id.vn/home/" "Mozilla/5.0 (Linux; Android 6.0.1; Nexus 5X Build/MMB29P) AppleWebKit/537.36 (KHTML, like Gecko) Chrome/127.0.6533.99 Mobile Safari/537.36 (compatible; Googlebot/2.1; +http://www.google.com/bot.html)"
66.249.66.195 - - [16/Aug/2024:05:52:13 +0700] "GET /wp-content/themes/steelthemes-nest/assets/css/metabox.css?ver=1723680000 HTTP/1.1" 200 1411 "https://www.pinky204.id.vn/home/" "Mozilla/5.0 (Linux; Android 6.0.1; Nexus 5X Build/MMB29P) AppleWebKit/537.36 (KHTML, like Gecko) Chrome/127.0.6533.99 Mobile Safari/537.36 (compatible; Googlebot/2.1; +http://www.google.com/bot.html)"
66.249.66.195 - - [16/Aug/2024:05:52:14 +0700] "GET /wp-content/plugins/woocommerce/assets/client/blocks/product-categories.css?ver=wc-9.0.2 HTTP/1.1" 200 548 "https://www.pinky204.id.vn/home/" "Mozilla/5.0 (Linux; Android 6.0.1; Nexus 5X Build/MMB29P) AppleWebKit/537.36 (KHTML, like Gecko) Chrome/127.0.6533.99 Mobile Safari/537.36 (compatible; Googlebot/2.1; +http://www.google.com/bot.html)"
66.249.66.195 - - [16/Aug/2024:05:52:14 +0700] "GET /wp-content/plugins/nest-addons/assets/css/sass/main.css?ver=1723680000 HTTP/1.1" 200 41065 "https://www.pinky204.id.vn/home/" "Mozilla/5.0 (Linux; Android 6.0.1; Nexus 5X Build/MMB29P) AppleWebKit/537.36 (KHTML, like Gecko) Chrome/127.0.6533.99 Mobile Safari/537.36 (compatible; Googlebot/2.1; +http://www.google.com/bot.html)"
66.249.66.194 - - [16/Aug/2024:05:52:20 +0700] "GET /wp-content/plugins/nest-addons/woocommerce/product-search/css/style.css?ver=1.0 HTTP/1.1" 200 1128 "https://www.pinky204.id.vn/home/" "Mozilla/5.0 (Linux; Android 6.0.1; Nexus 5X Build/MMB29P) AppleWebKit/537.36 (KHTML, like Gecko) Chrome/127.0.6533.99 Mobile Safari/537.36 (compatible; Googlebot/2.1; +http://www.google.com/bot.html)"
66.249.71.134 - - [16/Aug/2024:05:52:21 +0700] "GET /robots.txt HTTP/1.1" 200 98 "-" "Mozilla/5.0 (compatible; Googlebot/2.1; +http://www.google.com/bot.html)"
66.249.66.194 - - [16/Aug/2024:05:52:25 +0700] "GET /wp-content/plugins/woocommerce/assets/js/frontend/add-to-cart.min.js?ver=9.0.2 HTTP/1.1" 200 989 "https://www.pinky204.id.vn/home/" "Mozilla/5.0 (Linux; Android 6.0.1; Nexus 5X Build/MMB29P) AppleWebKit/537.36 (KHTML, like Gecko) Chrome/127.0.6533.99 Mobile Safari/537.36 (compatible; Googlebot/2.1; +http://www.google.com/bot.html)"
66.249.66.194 - - [16/Aug/2024:05:52:26 +0700] "GET /wp-content/plugins/woo-smart-compare/assets/images/curve.svg HTTP/1.1" 200 439 "https://www.pinky204.id.vn/wp-content/plugins/woo-smart-compare/assets/css/frontend.css?ver=6.2.6" "Mozilla/5.0 (Linux; Android 6.0.1; Nexus 5X Build/MMB29P) AppleWebKit/537.36 (KHTML, like Gecko) Chrome/127.0.6533.99 Mobile Safari/537.36 (compatible; Googlebot/2.1; +http://www.google.com/bot.html)"
66.249.71.46 - - [16/Aug/2024:05:52:23 +0700] "GET /wp-content/uploads/elementor/css/post-92.css?ver=1723680000 HTTP/1.1" 200 335 "https://www.pinky204.id.vn/home/" "Mozilla/5.0 (Linux; Android 6.0.1; Nexus 5X Build/MMB29P) AppleWebKit/537.36 (KHTML, like Gecko) Chrome/127.0.6533.99 Mobile Safari/537.36 (compatible; Googlebot/2.1; +http://www.google.com/bot.html)"
66.249.71.46 - - [16/Aug/2024:05:52:23 +0700] "GET /wp-content/plugins/nest-addons/assets/css/sass/main.css?ver=1723680000 HTTP/1.1" 200 41065 "https://www.pinky204.id.vn/home/" "Mozilla/5.0 (Linux; Android 6.0.1; Nexus 5X Build/MMB29P) AppleWebKit/537.36 (KHTML, like Gecko) Chrome/127.0.6533.99 Mobile Safari/537.36 (compatible; Googlebot/2.1; +http://www.google.com/bot.html)"
66.249.71.46 - - [16/Aug/2024:05:52:24 +0700] "GET /wp-content/plugins/wallet-system-for-woocommerce/public/src/js/wallet-system-for-woocommerce-enable-link.js?ver=2.5.13 HTTP/1.1" 200 475 "https://www.pinky204.id.vn/home/" "Mozilla/5.0 (Linux; Android 6.0.1; Nexus 5X Build/MMB29P) AppleWebKit/537.36 (KHTML, like Gecko) Chrome/127.0.6533.99 Mobile Safari/537.36 (compatible; Googlebot/2.1; +http://www.google.com/bot.html)"
66.249.71.46 - - [16/Aug/2024:05:52:25 +0700] "GET /wp-content/plugins/revslider/public/assets/js/rs6.min.js?ver=6.6.11 HTTP/1.1" 200 103481 "https://www.pinky204.id.vn/home/" "Mozilla/5.0 (Linux; Android 6.0.1; Nexus 5X Build/MMB29P) AppleWebKit/537.36 (KHTML, like Gecko) Chrome/127.0.6533.99 Mobile Safari/537.36 (compatible; Googlebot/2.1; +http://www.google.com/bot.html)"
66.249.71.46 - - [16/Aug/2024:05:52:26 +0700] "GET /wp-content/plugins/woo-smart-compare/assets/images/share.svg HTTP/1.1" 200 230 "https://www.pinky204.id.vn/wp-content/plugins/woo-smart-compare/assets/css/frontend.css?ver=6.2.6" "Mozilla/5.0 (Linux; Android 6.0.1; Nexus 5X Build/MMB29P) AppleWebKit/537.36 (KHTML, like Gecko) Chrome/127.0.6533.99 Mobile Safari/537.36 (compatible; Googlebot/2.1; +http://www.google.com/bot.html)"
66.249.71.46 - - [16/Aug/2024:05:52:26 +0700] "GET /wp-includes/js/api-request.min.js?ver=6.6.1 HTTP/1.1" 200 530 "https://www.pinky204.id.vn/home/" "Mozilla/5.0 (Linux; Android 6.0.1; Nexus 5X Build/MMB29P) AppleWebKit/537.36 (KHTML, like Gecko) Chrome/127.0.6533.99 Mobile Safari/537.36 (compatible; Googlebot/2.1; +http://www.google.com/bot.html)"
66.249.71.46 - - [16/Aug/2024:05:52:27 +0700] "GET /wp-content/plugins/elementor-pro/assets/js/webpack-pro.runtime.min.js?ver=3.17.1 HTTP/1.1" 200 2447 "https://www.pinky204.id.vn/home/" "Mozilla/5.0 (Linux; Android 6.0.1; Nexus 5X Build/MMB29P) AppleWebKit/537.36 (KHTML, like Gecko) Chrome/127.0.6533.99 Mobile Safari/537.36 (compatible; Googlebot/2.1; +http://www.google.com/bot.html)"
66.249.71.46 - - [16/Aug/2024:05:52:28 +0700] "GET /wp-content/themes/steelthemes-nest/assets/js/shop.js?ver=6.6.1 HTTP/1.1" 200 1197 "https://www.pinky204.id.vn/home/" "Mozilla/5.0 (Linux; Android 6.0.1; Nexus 5X Build/MMB29P) AppleWebKit/537.36 (KHTML, like Gecko) Chrome/127.0.6533.99 Mobile Safari/537.36 (compatible; Googlebot/2.1; +http://www.google.com/bot.html)"
66.249.71.32 - - [16/Aug/2024:05:52:29 +0700] "GET /wp-content/plugins/woocommerce/assets/js/frontend/order-attribution.min.js?ver=9.0.2 HTTP/1.1" 200 1006 "https://www.pinky204.id.vn/home/" "Mozilla/5.0 (Linux; Android 6.0.1; Nexus 5X Build/MMB29P) AppleWebKit/537.36 (KHTML, like Gecko) Chrome/127.0.6533.99 Mobile Safari/537.36 (compatible; Googlebot/2.1; +http://www.google.com/bot.html)"
66.249.71.32 - - [16/Aug/2024:05:52:30 +0700] "POST /wp-admin/admin-ajax.php HTTP/1.1" 200 166 "https://www.pinky204.id.vn/home/" "Mozilla/5.0 (Linux; Android 6.0.1; Nexus 5X Build/MMB29P) AppleWebKit/537.36 (KHTML, like Gecko) Chrome/127.0.6533.99 Mobile Safari/537.36 (compatible; Googlebot/2.1; +http://www.google.com/bot.html)"
66.249.66.194 - - [16/Aug/2024:05:52:26 +0700] "GET /wp-content/plugins/nest-addons/assets/js/plugins/wow.js?ver=1.1.3 HTTP/1.1" 200 2594 "https://www.pinky204.id.vn/home/" "Mozilla/5.0 (Linux; Android 6.0.1; Nexus 5X Build/MMB29P) AppleWebKit/537.36 (KHTML, like Gecko) Chrome/127.0.6533.99 Mobile Safari/537.36 (compatible; Googlebot/2.1; +http://www.google.com/bot.html)"
66.249.66.194 - - [16/Aug/2024:05:52:27 +0700] "GET /wp-content/plugins/nest-addons/assets/js/main.js?ver=1723680000 HTTP/1.1" 200 4397 "https://www.pinky204.id.vn/home/" "Mozilla/5.0 (Linux; Android 6.0.1; Nexus 5X Build/MMB29P) AppleWebKit/537.36 (KHTML, like Gecko) Chrome/127.0.6533.99 Mobile Safari/537.36 (compatible; Googlebot/2.1; +http://www.google.com/bot.html)"
66.249.66.194 - - [16/Aug/2024:05:52:28 +0700] "GET /wp-content/plugins/woo-smart-compare/assets/images/add.svg HTTP/1.1" 200 282 "https://www.pinky204.id.vn/wp-content/plugins/woo-smart-compare/assets/css/frontend.css?ver=6.2.6" "Mozilla/5.0 (Linux; Android 6.0.1; Nexus 5X Build/MMB29P) AppleWebKit/537.36 (KHTML, like Gecko) Chrome/127.0.6533.99 Mobile Safari/537.36 (compatible; Googlebot/2.1; +http://www.google.com/bot.html)"
66.249.66.194 - - [16/Aug/2024:05:52:24 +0700] "GET /wp-content/plugins/woocommerce/assets/js/sourcebuster/sourcebuster.min.js?ver=9.0.2 HTTP/1.1" 200 4609 "https://www.pinky204.id.vn/home/" "Mozilla/5.0 (Linux; Android 6.0.1; Nexus 5X Build/MMB29P) AppleWebKit/537.36 (KHTML, like Gecko) Chrome/127.0.6533.99 Mobile Safari/537.36 (compatible; Googlebot/2.1; +http://www.google.com/bot.html)"
66.249.66.194 - - [16/Aug/2024:05:52:24 +0700] "GET /wp-content/plugins/nest-addons/assets/js/plugins/sharer.js?ver=0.4.0 HTTP/1.1" 200 2017 "https://www.pinky204.id.vn/home/" "Mozilla/5.0 (Linux; Android 6.0.1; Nexus 5X Build/MMB29P) AppleWebKit/537.36 (KHTML, like Gecko) Chrome/127.0.6533.99 Mobile Safari/537.36 (compatible; Googlebot/2.1; +http://www.google.com/bot.html)"
66.249.66.194 - - [16/Aug/2024:05:52:25 +0700] "GET /wp-includes/js/underscore.min.js?ver=1.13.4 HTTP/1.1" 200 7179 "https://www.pinky204.id.vn/home/" "Mozilla/5.0 (Linux; Android 6.0.1; Nexus 5X Build/MMB29P) AppleWebKit/537.36 (KHTML, like Gecko) Chrome/127.0.6533.99 Mobile Safari/537.36 (compatible; Googlebot/2.1; +http://www.google.com/bot.html)"
66.249.66.194 - - [16/Aug/2024:05:52:25 +0700] "GET /wp-content/plugins/nest-addons/assets/js/plugins/jquery.syotimer.min.js?ver=2.1.2 HTTP/1.1" 200 1931 "https://www.pinky204.id.vn/home/" "Mozilla/5.0 (Linux; Android 6.0.1; Nexus 5X Build/MMB29P) AppleWebKit/537.36 (KHTML, like Gecko) Chrome/127.0.6533.99 Mobile Safari/537.36 (compatible; Googlebot/2.1; +http://www.google.com/bot.html)"
66.249.66.194 - - [16/Aug/2024:05:52:28 +0700] "GET /wp-content/plugins/woo-smart-compare/assets/images/remove-dark.svg HTTP/1.1" 200 288 "https://www.pinky204.id.vn/wp-content/plugins/woo-smart-compare/assets/css/frontend.css?ver=6.2.6" "Mozilla/5.0 (Linux; Android 6.0.1; Nexus 5X Build/MMB29P) AppleWebKit/537.36 (KHTML, like Gecko) Chrome/127.0.6533.99 Mobile Safari/537.36 (compatible; Googlebot/2.1; +http://www.google.com/bot.html)"
66.249.66.194 - - [16/Aug/2024:05:52:29 +0700] "POST /wp-admin/admin-ajax.php HTTP/1.1" 200 166 "https://www.pinky204.id.vn/home/" "Mozilla/5.0 (Linux; Android 6.0.1; Nexus 5X Build/MMB29P) AppleWebKit/537.36 (KHTML, like Gecko) Chrome/127.0.6533.99 Mobile Safari/537.36 (compatible; Googlebot/2.1; +http://www.google.com/bot.html)"
103.169.35.190 - - [16/Aug/2024:05:52:22 +0700] "POST /wp-cron.php?doing_wp_cron=1723762342.4556109905242919921875 HTTP/1.1" 200 0 "-" "WordPress/6.6.1; https://pinky204.id.vn"
66.249.66.195 - - [16/Aug/2024:05:52:28 +0700] "GET /wp-includes/js/dist/hooks.min.js?ver=2810c76e705dd1a53b18 HTTP/1.1" 200 1460 "https://www.pinky204.id.vn/home/" "Mozilla/5.0 (Linux; Android 6.0.1; Nexus 5X Build/MMB29P) AppleWebKit/537.36 (KHTML, like Gecko) Chrome/127.0.6533.99 Mobile Safari/537.36 (compatible; Googlebot/2.1; +http://www.google.com/bot.html)"
66.249.66.195 - - [16/Aug/2024:05:52:29 +0700] "GET /wp-includes/js/dist/vendor/wp-polyfill.min.js?ver=3.15.0 HTTP/1.1" 200 13501 "https://www.pinky204.id.vn/home/" "Mozilla/5.0 (Linux; Android 6.0.1; Nexus 5X Build/MMB29P) AppleWebKit/537.36 (KHTML, like Gecko) Chrome/127.0.6533.99 Mobile Safari/537.36 (compatible; Googlebot/2.1; +http://www.google.com/bot.html)"
66.249.66.195 - - [16/Aug/2024:05:52:29 +0700] "GET /wp-includes/js/jquery/ui/core.min.js?ver=1.13.3 HTTP/1.1" 200 6811 "https://www.pinky204.id.vn/home/" "Mozilla/5.0 (Linux; Android 6.0.1; Nexus 5X Build/MMB29P) AppleWebKit/537.36 (KHTML, like Gecko) Chrome/127.0.6533.99 Mobile Safari/537.36 (compatible; Googlebot/2.1; +http://www.google.com/bot.html)"
66.249.66.196 - - [16/Aug/2024:05:51:02 +0700] "GET /home/632 HTTP/1.1" 301 0 "-" "Mozilla/5.0 (Linux; Android 6.0.1; Nexus 5X Build/MMB29P) AppleWebKit/537.36 (KHTML, like Gecko) Chrome/127.0.6533.119 Mobile Safari/537.36 (compatible; Googlebot/2.1; +http://www.google.com/bot.html)"
66.249.66.195 - - [16/Aug/2024:05:52:30 +0700] "GET /wp-content/plugins/nest-addons/assets/js/plugins/OwlCarousel2Thumbs.min.js?ver=0.1.3 HTTP/1.1" 200 865 "https://www.pinky204.id.vn/home/" "Mozilla/5.0 (Linux; Android 6.0.1; Nexus 5X Build/MMB29P) AppleWebKit/537.36 (KHTML, like Gecko) Chrome/127.0.6533.99 Mobile Safari/537.36 (compatible; Googlebot/2.1; +http://www.google.com/bot.html)"
103.169.35.190 - - [16/Aug/2024:05:51:04 +0700] "POST /wp-cron.php?doing_wp_cron=1723762263.8075270652770996093750 HTTP/1.1" 200 0 "-" "WordPress/6.6.1; https://www.pinky204.id.vn"
66.249.71.46 - - [16/Aug/2024:05:51:04 +0700] "GET /home/ HTTP/1.1" 200 37261 "-" "Mozilla/5.0 (Linux; Android 6.0.1; Nexus 5X Build/MMB29P) AppleWebKit/537.36 (KHTML, like Gecko) Chrome/127.0.6533.119 Mobile Safari/537.36 (compatible; Googlebot/2.1; +http://www.google.com/bot.html)"
66.249.66.4 - - [16/Aug/2024:05:52:29 +0700] "GET /wp-content/plugins/nest-addons/assets/js/plugins/infinite-scroll.pkgd.min.js?ver=4.0.1 HTTP/1.1" 200 6481 "https://www.pinky204.id.vn/home/" "Mozilla/5.0 (Linux; Android 6.0.1; Nexus 5X Build/MMB29P) AppleWebKit/537.36 (KHTML, like Gecko) Chrome/127.0.6533.99 Mobile Safari/537.36 (compatible; Googlebot/2.1; +http://www.google.com/bot.html)"
103.169.35.190 - - [16/Aug/2024:05:58:43 +0700] "POST /wp-cron.php?doing_wp_cron=1723762723.7697238922119140625000 HTTP/1.1" 200 0 "-" "WordPress/6.6.1; https://pinky204.id.vn"
103.169.35.190 - - [16/Aug/2024:06:01:08 +0700] "POST /wp-cron.php?doing_wp_cron=1723762868.0002410411834716796875 HTTP/1.1" 200 0 "-" "WordPress/6.6.1; https://www.pinky204.id.vn"
185.191.171.17 - - [16/Aug/2024:05:58:44 +0700] "GET /tu-khoa-san-pham/nghe-nhac/ HTTP/1.1" 200 36447 "-" "Mozilla/5.0 (compatible; SemrushBot/7~bl; +http://www.semrush.com/bot.html)"
66.249.71.33 - - [16/Aug/2024:06:01:06 +0700] "GET /home/359 HTTP/1.1" 301 0 "-" "Mozilla/5.0 (Linux; Android 6.0.1; Nexus 5X Build/MMB29P) AppleWebKit/537.36 (KHTML, like Gecko) Chrome/127.0.6533.119 Mobile Safari/537.36 (compatible; Googlebot/2.1; +http://www.google.com/bot.html)"
85.208.96.196 - - [16/Aug/2024:05:58:42 +0700] "GET /robots.txt HTTP/1.1" 200 116 "-" "Mozilla/5.0 (compatible; SemrushBot/7~bl; +http://www.semrush.com/bot.html)"
66.249.66.194 - - [16/Aug/2024:06:01:18 +0700] "GET /wp-includes/js/jquery/ui/mouse.min.js?ver=1.13.3 HTTP/1.1" 200 1012 "https://www.pinky204.id.vn/home/" "Mozilla/5.0 (Linux; Android 6.0.1; Nexus 5X Build/MMB29P) AppleWebKit/537.36 (KHTML, like Gecko) Chrome/127.0.6533.99 Mobile Safari/537.36 (compatible; Googlebot/2.1; +http://www.google.com/bot.html)"
66.249.66.194 - - [16/Aug/2024:06:06:00 +0700] "GET /wp-content/plugins/woo-smart-compare/assets/images/close.svg HTTP/1.1" 200 288 "https://www.pinky204.id.vn/wp-content/plugins/woo-smart-compare/assets/css/frontend.css?ver=6.2.6" "Mozilla/5.0 (Linux; Android 6.0.1; Nexus 5X Build/MMB29P) AppleWebKit/537.36 (KHTML, like Gecko) Chrome/127.0.6533.99 Mobile Safari/537.36 (compatible; Googlebot/2.1; +http://www.google.com/bot.html)"
162.142.125.196 - - [16/Aug/2024:06:26:04 +0700] "GET /wp-content/uploads/2024/07/cropped-Remove-bg.ai_1721299086899-32x32.png HTTP/1.1" 200 3056 "-" "Mozilla/5.0 (compatible; CensysInspect/1.1; +https://about.censys.io/)"
103.169.35.190 - - [16/Aug/2024:06:13:02 +0700] "POST /wp-cron.php?doing_wp_cron=1723763582.9567580223083496093750 HTTP/1.1" 200 0 "-" "WordPress/6.6.1; https://pinky204.id.vn"
85.208.96.202 - - [16/Aug/2024:06:13:01 +0700] "GET /header/header-style-one/ HTTP/1.1" 200 32554 "-" "Mozilla/5.0 (compatible; SemrushBot/7~bl; +http://www.semrush.com/bot.html)"
162.142.125.196 - - [16/Aug/2024:06:25:57 +0700] "GET / HTTP/1.1" 200 48767 "-" "Mozilla/5.0 (compatible; CensysInspect/1.1; +https://about.censys.io/)"
162.142.125.196 - - [16/Aug/2024:06:26:10 +0700] "GET /wp-content/uploads/2024/07/cropped-Remove-bg.ai_1721299086899-180x180.png HTTP/1.1" 200 60135 "-" "Mozilla/5.0 (compatible; CensysInspect/1.1; +https://about.censys.io/)"
162.142.125.196 - - [16/Aug/2024:06:26:07 +0700] "GET /wp-content/uploads/2024/07/cropped-Remove-bg.ai_1721299086899-192x192.png HTTP/1.1" 200 66928 "-" "Mozilla/5.0 (compatible; CensysInspect/1.1; +https://about.censys.io/)"
103.169.35.190 - - [16/Aug/2024:06:25:59 +0700] "POST /wp-cron.php?doing_wp_cron=1723764359.1634030342102050781250 HTTP/1.1" 200 0 "-" "WordPress/6.6.1; https://mail.pinky204.id.vn"
162.142.125.196 - - [16/Aug/2024:06:26:12 +0700] "GET /favicon.ico HTTP/1.1" 404 708 "-" "Mozilla/5.0 (compatible; CensysInspect/1.1; +https://about.censys.io/)"
54.174.58.236 - - [16/Aug/2024:07:09:56 +0700] "GET / HTTP/2" 200 41442 "-" "Mozilla/5.0 (X11; Linux x86_64) AppleWebKit/537.36 (KHTML, like Gecko) HeadlessChrome/126.0.0.0 Safari/537.36"
54.174.58.236 - - [16/Aug/2024:07:10:00 +0700] "GET /wp-content/plugins/nest-addons/woocommerce/product-search/css/style.css?ver=1.0 HTTP/2" 200 1128 "https://pinky204.id.vn/" "Mozilla/5.0 (X11; Linux x86_64) AppleWebKit/537.36 (KHTML, like Gecko) HeadlessChrome/126.0.0.0 Safari/537.36"
54.174.58.236 - - [16/Aug/2024:07:10:00 +0700] "GET /wp-content/plugins/contact-form-7/includes/css/styles.css?ver=5.9.6 HTTP/2" 200 890 "https://pinky204.id.vn/" "Mozilla/5.0 (X11; Linux x86_64) AppleWebKit/537.36 (KHTML, like Gecko) HeadlessChrome/126.0.0.0 Safari/537.36"
54.174.58.236 - - [16/Aug/2024:07:10:00 +0700] "GET /wp-content/plugins/nest-addons/assets/css/vendors/bootstrap.min.css?ver=5.0.2 HTTP/2" 200 20018 "https://pinky204.id.vn/" "Mozilla/5.0 (X11; Linux x86_64) AppleWebKit/537.36 (KHTML, like Gecko) HeadlessChrome/126.0.0.0 Safari/537.36"
54.174.58.236 - - [16/Aug/2024:07:10:00 +0700] "GET /wp-content/plugins/woo-wallet/build/partial-payment/style-index.css?ver=1.5.4 HTTP/2" 200 311 "https://pinky204.id.vn/" "Mozilla/5.0 (X11; Linux x86_64) AppleWebKit/537.36 (KHTML, like Gecko) HeadlessChrome/126.0.0.0 Safari/537.36"
54.174.58.236 - - [16/Aug/2024:07:10:00 +0700] "GET /wp-content/plugins/wallet-system-for-woocommerce/public/css/wps-public.css?ver=2.5.13 HTTP/2" 200 2831 "https://pinky204.id.vn/" "Mozilla/5.0 (X11; Linux x86_64) AppleWebKit/537.36 (KHTML, like Gecko) HeadlessChrome/126.0.0.0 Safari/537.36"
54.174.58.236 - - [16/Aug/2024:07:10:00 +0700] "GET /wp-content/plugins/nest-addons/assets/css/plugins/infinite-scroll-docs.css?ver=8.0.1 HTTP/2" 200 6843 "https://pinky204.id.vn/" "Mozilla/5.0 (X11; Linux x86_64) AppleWebKit/537.36 (KHTML, like Gecko) HeadlessChrome/126.0.0.0 Safari/537.36"
54.174.58.236 - - [16/Aug/2024:07:10:00 +0700] "GET /wp-content/plugins/wallet-system-for-woocommerce/package/lib/slick/slick.min.css?ver=2.5.13 HTTP/2" 200 436 "https://pinky204.id.vn/" "Mozilla/5.0 (X11; Linux x86_64) AppleWebKit/537.36 (KHTML, like Gecko) HeadlessChrome/126.0.0.0 Safari/537.36"
54.174.58.236 - - [16/Aug/2024:07:10:00 +0700] "GET /wp-content/plugins/woocommerce/assets/css/woocommerce.css?ver=9.0.2 HTTP/2" 200 9357 "https://pinky204.id.vn/" "Mozilla/5.0 (X11; Linux x86_64) AppleWebKit/537.36 (KHTML, like Gecko) HeadlessChrome/126.0.0.0 Safari/537.36"
54.174.58.236 - - [16/Aug/2024:07:10:00 +0700] "GET /wp-content/plugins/nest-addons/assets/css/plugins/animate.min.css?ver=4.1.1 HTTP/2" 200 4830 "https://pinky204.id.vn/" "Mozilla/5.0 (X11; Linux x86_64) AppleWebKit/537.36 (KHTML, like Gecko) HeadlessChrome/126.0.0.0 Safari/537.36"
54.174.58.236 - - [16/Aug/2024:07:10:00 +0700] "GET /wp-content/themes/steelthemes-nest/assets/css/overwrite/woofilter.css?ver=6.6.1 HTTP/2" 200 1460 "https://pinky204.id.vn/" "Mozilla/5.0 (X11; Linux x86_64) AppleWebKit/537.36 (KHTML, like Gecko) HeadlessChrome/126.0.0.0 Safari/537.36"
54.174.58.236 - - [16/Aug/2024:07:10:00 +0700] "GET /wp-content/plugins/nest-addons/assets/fonts/icomoon/icomoon.css?ver=1.0.0 HTTP/2" 200 3650 "https://pinky204.id.vn/" "Mozilla/5.0 (X11; Linux x86_64) AppleWebKit/537.36 (KHTML, like Gecko) HeadlessChrome/126.0.0.0 Safari/537.36"
54.174.58.236 - - [16/Aug/2024:07:10:00 +0700] "GET /wp-content/plugins/woocommerce/assets/css/woocommerce-layout.css?ver=9.0.2 HTTP/2" 200 2342 "https://pinky204.id.vn/" "Mozilla/5.0 (X11; Linux x86_64) AppleWebKit/537.36 (KHTML, like Gecko) HeadlessChrome/126.0.0.0 Safari/537.36"
54.174.58.236 - - [16/Aug/2024:07:10:00 +0700] "GET /wp-content/plugins/nest-addons/assets/css/vendors/uicons-regular-straight.css?ver=1.0.0 HTTP/2" 200 2737 "https://pinky204.id.vn/" "Mozilla/5.0 (X11; Linux x86_64) AppleWebKit/537.36 (KHTML, like Gecko) HeadlessChrome/126.0.0.0 Safari/537.36"
54.174.58.236 - - [16/Aug/2024:07:10:00 +0700] "GET /wp-content/plugins/nest-addons/assets/css/plugins/swiper.css?ver=8.4.6 HTTP/2" 200 4262 "https://pinky204.id.vn/" "Mozilla/5.0 (X11; Linux x86_64) AppleWebKit/537.36 (KHTML, like Gecko) HeadlessChrome/126.0.0.0 Safari/537.36"
54.174.58.236 - - [16/Aug/2024:07:10:00 +0700] "GET /wp-content/themes/steelthemes-nest/assets/css/metabox.css?ver=1723766998 HTTP/2" 200 1411 "https://pinky204.id.vn/" "Mozilla/5.0 (X11; Linux x86_64) AppleWebKit/537.36 (KHTML, like Gecko) HeadlessChrome/126.0.0.0 Safari/537.36"
54.174.58.236 - - [16/Aug/2024:07:10:00 +0700] "GET /wp-content/themes/steelthemes-nest/style.css?ver=1723766998 HTTP/2" 200 2890 "https://pinky204.id.vn/" "Mozilla/5.0 (X11; Linux x86_64) AppleWebKit/537.36 (KHTML, like Gecko) HeadlessChrome/126.0.0.0 Safari/537.36"
54.174.58.236 - - [16/Aug/2024:07:10:00 +0700] "GET /wp-content/plugins/woo-smart-compare/assets/libs/hint/hint.min.css?ver=6.6.1 HTTP/2" 200 1376 "https://pinky204.id.vn/" "Mozilla/5.0 (X11; Linux x86_64) AppleWebKit/537.36 (KHTML, like Gecko) HeadlessChrome/126.0.0.0 Safari/537.36"
54.174.58.236 - - [16/Aug/2024:07:10:00 +0700] "GET /wp-content/plugins/woo-smart-compare/assets/libs/perfect-scrollbar/css/perfect-scrollbar.min.css?ver=6.6.1 HTTP/2" 200 509 "https://pinky204.id.vn/" "Mozilla/5.0 (X11; Linux x86_64) AppleWebKit/537.36 (KHTML, like Gecko) HeadlessChrome/126.0.0.0 Safari/537.36"
54.174.58.236 - - [16/Aug/2024:07:10:00 +0700] "GET /wp-content/plugins/woo-variation-swatches/assets/css/frontend.min.css?ver=1719022100 HTTP/2" 200 4297 "https://pinky204.id.vn/" "Mozilla/5.0 (X11; Linux x86_64) AppleWebKit/537.36 (KHTML, like Gecko) HeadlessChrome/126.0.0.0 Safari/537.36"
54.174.58.236 - - [16/Aug/2024:07:10:00 +0700] "GET /wp-content/plugins/woo-smart-compare/assets/libs/perfect-scrollbar/css/custom-theme.css?ver=6.6.1 HTTP/2" 200 534 "https://pinky204.id.vn/" "Mozilla/5.0 (X11; Linux x86_64) AppleWebKit/537.36 (KHTML, like Gecko) HeadlessChrome/126.0.0.0 Safari/537.36"
54.174.58.236 - - [16/Aug/2024:07:10:00 +0700] "GET /wp-content/plugins/elementor/assets/lib/swiper/v8/css/swiper.min.css?ver=8.4.5 HTTP/2" 200 4248 "https://pinky204.id.vn/" "Mozilla/5.0 (X11; Linux x86_64) AppleWebKit/537.36 (KHTML, like Gecko) HeadlessChrome/126.0.0.0 Safari/537.36"
54.174.58.236 - - [16/Aug/2024:07:10:00 +0700] "GET /wp-content/themes/steelthemes-nest/assets/css/overwrite/mobile.css?ver=6.6.1 HTTP/2" 200 2720 "https://pinky204.id.vn/" "Mozilla/5.0 (X11; Linux x86_64) AppleWebKit/537.36 (KHTML, like Gecko) HeadlessChrome/126.0.0.0 Safari/537.36"
54.174.58.236 - - [16/Aug/2024:07:10:00 +0700] "GET /wp-content/plugins/ajax-search-for-woocommerce/assets/css/style.min.css?ver=1.28.0 HTTP/2" 200 6123 "https://pinky204.id.vn/" "Mozilla/5.0 (X11; Linux x86_64) AppleWebKit/537.36 (KHTML, like Gecko) HeadlessChrome/126.0.0.0 Safari/537.36"
54.174.58.236 - - [16/Aug/2024:07:10:00 +0700] "GET /wp-content/plugins/woo-bought-together/assets/css/frontend.css?ver=7.1.5 HTTP/2" 200 3092 "https://pinky204.id.vn/" "Mozilla/5.0 (X11; Linux x86_64) AppleWebKit/537.36 (KHTML, like Gecko) HeadlessChrome/126.0.0.0 Safari/537.36"
54.174.58.236 - - [16/Aug/2024:07:10:00 +0700] "GET /wp-content/plugins/woo-smart-wishlist/assets/css/icons.css?ver=4.8.7 HTTP/2" 200 572 "https://pinky204.id.vn/" "Mozilla/5.0 (X11; Linux x86_64) AppleWebKit/537.36 (KHTML, like Gecko) HeadlessChrome/126.0.0.0 Safari/537.36"
54.174.58.236 - - [16/Aug/2024:07:10:00 +0700] "GET /wp-content/plugins/woo-smart-compare/assets/css/frontend.css?ver=6.2.6 HTTP/2" 200 4736 "https://pinky204.id.vn/" "Mozilla/5.0 (X11; Linux x86_64) AppleWebKit/537.36 (KHTML, like Gecko) HeadlessChrome/126.0.0.0 Safari/537.36"
54.174.58.236 - - [16/Aug/2024:07:10:00 +0700] "GET /wp-content/plugins/elementor-pro/assets/css/frontend-lite.min.css?ver=3.17.1 HTTP/2" 200 1501 "https://pinky204.id.vn/" "Mozilla/5.0 (X11; Linux x86_64) AppleWebKit/537.36 (KHTML, like Gecko) HeadlessChrome/126.0.0.0 Safari/537.36"
54.174.58.236 - - [16/Aug/2024:07:10:00 +0700] "GET /wp-content/plugins/woo-smart-wishlist/assets/css/frontend.css?ver=4.8.7 HTTP/2" 200 2880 "https://pinky204.id.vn/" "Mozilla/5.0 (X11; Linux x86_64) AppleWebKit/537.36 (KHTML, like Gecko) HeadlessChrome/126.0.0.0 Safari/537.36"
54.174.58.236 - - [16/Aug/2024:07:10:00 +0700] "GET /wp-content/uploads/elementor/css/global.css?ver=1723728521 HTTP/2" 200 3602 "https://pinky204.id.vn/" "Mozilla/5.0 (X11; Linux x86_64) AppleWebKit/537.36 (KHTML, like Gecko) HeadlessChrome/126.0.0.0 Safari/537.36"
54.174.58.236 - - [16/Aug/2024:07:10:00 +0700] "GET /wp-content/uploads/elementor/css/post-92.css?ver=1723728520 HTTP/2" 200 335 "https://pinky204.id.vn/" "Mozilla/5.0 (X11; Linux x86_64) AppleWebKit/537.36 (KHTML, like Gecko) HeadlessChrome/126.0.0.0 Safari/537.36"
54.174.58.236 - - [16/Aug/2024:07:10:00 +0700] "GET /wp-content/plugins/elementor/assets/css/frontend-lite.min.css?ver=3.22.3 HTTP/2" 200 16590 "https://pinky204.id.vn/" "Mozilla/5.0 (X11; Linux x86_64) AppleWebKit/537.36 (KHTML, like Gecko) HeadlessChrome/126.0.0.0 Safari/537.36"
54.174.58.236 - - [16/Aug/2024:07:10:00 +0700] "GET /wp-content/themes/steelthemes-nest/assets/css/overwrite/theme-extra.css?ver=6.6.1 HTTP/2" 200 29358 "https://pinky204.id.vn/" "Mozilla/5.0 (X11; Linux x86_64) AppleWebKit/537.36 (KHTML, like Gecko) HeadlessChrome/126.0.0.0 Safari/537.36"
54.174.58.236 - - [16/Aug/2024:07:10:00 +0700] "GET /wp-content/uploads/elementor/css/post-469.css?ver=1723745303 HTTP/2" 200 2563 "https://pinky204.id.vn/" "Mozilla/5.0 (X11; Linux x86_64) AppleWebKit/537.36 (KHTML, like Gecko) HeadlessChrome/126.0.0.0 Safari/537.36"
54.174.58.236 - - [16/Aug/2024:07:10:00 +0700] "GET /wp-content/plugins/woo-wallet/assets/css/frontend.css?ver=1.5.4 HTTP/2" 200 1016 "https://pinky204.id.vn/" "Mozilla/5.0 (X11; Linux x86_64) AppleWebKit/537.36 (KHTML, like Gecko) HeadlessChrome/126.0.0.0 Safari/537.36"
54.174.58.236 - - [16/Aug/2024:07:10:00 +0700] "GET /wp-content/plugins/nest-addons/assets/css/sass/main.css?ver=1723766998 HTTP/2" 200 41065 "https://pinky204.id.vn/" "Mozilla/5.0 (X11; Linux x86_64) AppleWebKit/537.36 (KHTML, like Gecko) HeadlessChrome/126.0.0.0 Safari/537.36"
54.174.58.236 - - [16/Aug/2024:07:10:00 +0700] "GET /wp-includes/js/jquery/jquery.min.js?ver=3.7.1 HTTP/2" 200 29744 "https://pinky204.id.vn/" "Mozilla/5.0 (X11; Linux x86_64) AppleWebKit/537.36 (KHTML, like Gecko) HeadlessChrome/126.0.0.0 Safari/537.36"
54.174.58.236 - - [16/Aug/2024:07:10:00 +0700] "GET /wp-includes/js/jquery/jquery-migrate.min.js?ver=3.4.1 HTTP/2" 200 4678 "https://pinky204.id.vn/" "Mozilla/5.0 (X11; Linux x86_64) AppleWebKit/537.36 (KHTML, like Gecko) HeadlessChrome/126.0.0.0 Safari/537.36"
54.174.58.236 - - [16/Aug/2024:07:10:00 +0700] "GET /wp-content/plugins/wallet-system-for-woocommerce/package/lib/slick/slick.min.js?ver=2.5.13 HTTP/2" 200 10093 "https://pinky204.id.vn/" "Mozilla/5.0 (X11; Linux x86_64) AppleWebKit/537.36 (KHTML, like Gecko) HeadlessChrome/126.0.0.0 Safari/537.36"
54.174.58.236 - - [16/Aug/2024:07:10:00 +0700] "GET /wp-content/plugins/woocommerce/assets/js/js-cookie/js.cookie.min.js?ver=2.1.4-wc.9.0.2 HTTP/2" 200 760 "https://pinky204.id.vn/" "Mozilla/5.0 (X11; Linux x86_64) AppleWebKit/537.36 (KHTML, like Gecko) HeadlessChrome/126.0.0.0 Safari/537.36"
54.174.58.236 - - [16/Aug/2024:07:10:00 +0700] "GET /wp-content/plugins/wallet-system-for-woocommerce/public/src/js/wallet-system-for-woocommerce-public.js?ver=2.5.13 HTTP/2" 200 2929 "https://pinky204.id.vn/" "Mozilla/5.0 (X11; Linux x86_64) AppleWebKit/537.36 (KHTML, like Gecko) HeadlessChrome/126.0.0.0 Safari/537.36"
54.174.58.236 - - [16/Aug/2024:07:10:00 +0700] "GET /wp-content/plugins/wallet-system-for-woocommerce/common/src/js/wallet-system-for-woocommerce-common.js?ver=2.5.13 HTTP/2" 200 407 "https://pinky204.id.vn/" "Mozilla/5.0 (X11; Linux x86_64) AppleWebKit/537.36 (KHTML, like Gecko) HeadlessChrome/126.0.0.0 Safari/537.36"
54.174.58.236 - - [16/Aug/2024:07:10:00 +0700] "GET /wp-content/plugins/woocommerce/assets/js/jquery-blockui/jquery.blockUI.min.js?ver=2.7.0-wc.9.0.2 HTTP/2" 200 3277 "https://pinky204.id.vn/" "Mozilla/5.0 (X11; Linux x86_64) AppleWebKit/537.36 (KHTML, like Gecko) HeadlessChrome/126.0.0.0 Safari/537.36"
54.174.58.236 - - [16/Aug/2024:07:10:00 +0700] "GET /wp-content/uploads/2024/07/black-myth-wukong-jz9yr.png HTTP/2" 200 195743 "https://pinky204.id.vn/" "Mozilla/5.0 (X11; Linux x86_64) AppleWebKit/537.36 (KHTML, like Gecko) HeadlessChrome/126.0.0.0 Safari/537.36"
54.174.58.236 - - [16/Aug/2024:07:10:00 +0700] "GET /wp-content/uploads/2022/02/Screenshot-2024-06-25-103058.png HTTP/2" 200 12521 "https://pinky204.id.vn/" "Mozilla/5.0 (X11; Linux x86_64) AppleWebKit/537.36 (KHTML, like Gecko) HeadlessChrome/126.0.0.0 Safari/537.36"
54.174.58.236 - - [16/Aug/2024:07:10:00 +0700] "GET /wp-content/plugins/nest-addons/woocommerce/product-search/js/main.js?ver=1.0 HTTP/2" 200 693 "https://pinky204.id.vn/" "Mozilla/5.0 (X11; Linux x86_64) AppleWebKit/537.36 (KHTML, like Gecko) HeadlessChrome/126.0.0.0 Safari/537.36"
