103.131.71.164 - - [15/Aug/2024:20:28:48 +0700] "GET /sitemap_index.xml HTTP/1.1" 200 395 "-" "Mozilla/5.0 (compatible; coccocbot-web/1.0; +http://help.coccoc.com/searchengine)"
103.131.71.130 - - [15/Aug/2024:20:28:30 +0700] "GET / HTTP/1.1" 200 48896 "-" "Mozilla/5.0 (compatible; coccocbot-web/1.0; +http://help.coccoc.com/searchengine)"
103.131.71.164 - - [15/Aug/2024:20:28:21 +0700] "GET /robots.txt HTTP/1.1" 200 115 "-" "Mozilla/5.0 (compatible; coccocbot-web/1.0; +http://help.coccoc.com/searchengine)"
103.131.71.130 - - [15/Aug/2024:20:28:39 +0700] "GET /san-pham/gift-diablo-iii/ HTTP/1.1" 200 40703 "-" "Mozilla/5.0 (compatible; coccocbot-web/1.0; +http://help.coccoc.com/searchengine)"
103.169.35.190 - - [15/Aug/2024:20:28:22 +0700] "POST /wp-cron.php?doing_wp_cron=1723728502.2550160884857177734375 HTTP/1.1" 200 0 "-" "WordPress/6.6.1; http://pinky204.id.vn"
103.169.35.190 - - [15/Aug/2024:21:13:31 +0700] "POST /wp-cron.php?doing_wp_cron=1723731210.8278620243072509765625 HTTP/1.1" 200 0 "-" "WordPress/6.6.1; http://mail.pinky204.id.vn"
172.245.168.36 - - [15/Aug/2024:21:13:29 +0700] "POST /index.php/wp-json/litespeed/v1/cdn_status HTTP/1.1" 404 168 "https://mail.pinky204.id.vn/wp-admin/update.php?action=upload-plugin" "Mozilla/5.0 (Windows NT 10.0; Win64; x64; rv:128.0) Gecko/20100101 Firefox/128.0"
103.169.35.190 - - [15/Aug/2024:21:16:56 +0700] "POST /wp-cron.php?doing_wp_cron=1723731415.8776249885559082031250 HTTP/1.1" 200 0 "-" "WordPress/6.6.1; http://pinky204.id.vn"
52.167.144.166 - - [15/Aug/2024:21:21:00 +0700] "GET /tu-khoa-san-pham/thiet-ke-2d/ HTTP/1.1" 200 31755 "-" "Mozilla/5.0 AppleWebKit/537.36 (KHTML, like Gecko; compatible; bingbot/2.0; +http://www.bing.com/bingbot.htm) Chrome/116.0.1938.76 Safari/537.36"
103.169.35.190 - - [15/Aug/2024:21:29:04 +0700] "POST /wp-cron.php?doing_wp_cron=1723732144.1319479942321777343750 HTTP/1.1" 200 0 "-" "WordPress/6.6.1; http://www.pinky204.id.vn"
172.245.168.36 - - [15/Aug/2024:21:29:02 +0700] "POST /index.php/wp-json/litespeed/v1/cdn_status HTTP/1.1" 404 168 "https://www.pinky204.id.vn/wp-admin/update.php?action=upload-plugin" "Mozilla/5.0 (Windows NT 10.0; Win64; x64; rv:128.0) Gecko/20100101 Firefox/128.0"
103.169.35.190 - - [15/Aug/2024:21:21:01 +0700] "POST /wp-cron.php?doing_wp_cron=1723731661.9289228916168212890625 HTTP/1.1" 200 0 "-" "WordPress/6.6.1; http://pinky204.id.vn"
172.245.168.36 - - [15/Aug/2024:21:16:54 +0700] "POST /index.php/wp-json/litespeed/v1/cdn_status HTTP/1.1" 404 168 "https://pinky204.id.vn/wp-admin/update.php?action=upload-plugin" "Mozilla/5.0 (Windows NT 10.0; Win64; x64; rv:128.0) Gecko/20100101 Firefox/128.0"
103.169.35.190 - - [15/Aug/2024:21:52:23 +0700] "POST /wp-cron.php?doing_wp_cron=1723733543.7076449394226074218750 HTTP/1.1" 200 0 "-" "WordPress/6.6.1; http://www.pinky204.id.vn"
40.77.167.24 - - [15/Aug/2024:21:52:22 +0700] "GET /page-sitemap.xml HTTP/1.1" 200 1541 "-" "Mozilla/5.0 AppleWebKit/537.36 (KHTML, like Gecko; compatible; bingbot/2.0; +http://www.bing.com/bingbot.htm) Chrome/116.0.1938.76 Safari/537.36"
40.77.167.24 - - [15/Aug/2024:21:52:24 +0700] "GET /sticky_header-sitemap.xml HTTP/1.1" 200 446 "-" "Mozilla/5.0 AppleWebKit/537.36 (KHTML, like Gecko; compatible; bingbot/2.0; +http://www.bing.com/bingbot.htm) Chrome/116.0.1938.76 Safari/537.36"
40.77.167.24 - - [15/Aug/2024:21:52:26 +0700] "GET /header-sitemap.xml HTTP/1.1" 200 795 "-" "Mozilla/5.0 AppleWebKit/537.36 (KHTML, like Gecko; compatible; bingbot/2.0; +http://www.bing.com/bingbot.htm) Chrome/116.0.1938.76 Safari/537.36"
52.167.144.217 - - [15/Aug/2024:21:52:26 +0700] "GET /product-sitemap.xml HTTP/1.1" 200 1458 "-" "Mozilla/5.0 AppleWebKit/537.36 (KHTML, like Gecko; compatible; bingbot/2.0; +http://www.bing.com/bingbot.htm) Chrome/116.0.1938.76 Safari/537.36"
52.167.144.217 - - [15/Aug/2024:21:52:28 +0700] "GET /footer-sitemap.xml HTTP/1.1" 200 448 "-" "Mozilla/5.0 AppleWebKit/537.36 (KHTML, like Gecko; compatible; bingbot/2.0; +http://www.bing.com/bingbot.htm) Chrome/116.0.1938.76 Safari/537.36"
52.167.144.217 - - [15/Aug/2024:21:52:30 +0700] "GET /post-sitemap.xml HTTP/1.1" 200 495 "-" "Mozilla/5.0 AppleWebKit/537.36 (KHTML, like Gecko; compatible; bingbot/2.0; +http://www.bing.com/bingbot.htm) Chrome/116.0.1938.76 Safari/537.36"
52.167.144.215 - - [15/Aug/2024:21:52:32 +0700] "GET /mega_menu-sitemap.xml HTTP/1.1" 200 369 "-" "Mozilla/5.0 AppleWebKit/537.36 (KHTML, like Gecko; compatible; bingbot/2.0; +http://www.bing.com/bingbot.htm) Chrome/116.0.1938.76 Safari/537.36"
103.169.35.190 - - [15/Aug/2024:22:18:16 +0700] "POST /wp-cron.php?doing_wp_cron=1723735096.7778680324554443359375 HTTP/1.1" 200 0 "-" "WordPress/6.6.1; http://pinky204.id.vn"
52.167.144.221 - - [15/Aug/2024:22:18:15 +0700] "GET /3325 HTTP/1.1" 404 27113 "-" "Mozilla/5.0 AppleWebKit/537.36 (KHTML, like Gecko; compatible; bingbot/2.0; +http://www.bing.com/bingbot.htm) Chrome/116.0.1938.76 Safari/537.36"
103.169.35.190 - - [15/Aug/2024:23:10:49 +0700] "GET /.well-known/acme-challenge/C7DWOJ7IKCHWYBRKW0X-5C_1FY-YQU4I HTTP/1.1" 200 64 "-" "Cpanel-HTTP-Client/1.0"
103.169.35.190 - - [15/Aug/2024:23:10:49 +0700] "GET /.well-known/acme-challenge/YFAKXOUP3L7K1B51ZD8BS5A6J8G0LX-S HTTP/1.1" 200 64 "-" "Cpanel-HTTP-Client/1.0"
103.169.35.190 - - [15/Aug/2024:23:10:49 +0700] "GET /.well-known/acme-challenge/LYIQWNTXNMM79CAW3B-IVEYPRBJD-ECB HTTP/1.1" 200 64 "-" "Cpanel-HTTP-Client/1.0"
40.77.167.70 - - [15/Aug/2024:23:39:11 +0700] "GET /wp-content/uploads/2024/07/Spotify-GiaHan-1y-65116.png HTTP/1.1" 200 268195 "-" "Mozilla/5.0 AppleWebKit/537.36 (KHTML, like Gecko; compatible; bingbot/2.0; +http://www.bing.com/bingbot.htm) Chrome/116.0.1938.76 Safari/537.36"
172.245.168.36 - - [15/Aug/2024:23:42:48 +0700] "POST /index.php/wp-json/litespeed/v1/cdn_status HTTP/1.1" 404 168 "https://pinky204.id.vn/wp-admin/update.php?action=upload-plugin" "Mozilla/5.0 (Windows NT 10.0; Win64; x64; rv:128.0) Gecko/20100101 Firefox/128.0"
172.245.168.36 - - [15/Aug/2024:23:39:37 +0700] "POST /index.php/wp-json/litespeed/v1/cdn_status HTTP/1.1" 404 168 "https://mail.pinky204.id.vn/wp-admin/update.php?action=upload-plugin" "Mozilla/5.0 (Windows NT 10.0; Win64; x64; rv:128.0) Gecko/20100101 Firefox/128.0"
103.169.35.190 - - [15/Aug/2024:23:42:49 +0700] "POST /wp-cron.php?doing_wp_cron=1723740169.2079689502716064453125 HTTP/1.1" 200 0 "-" "WordPress/6.6.1; http://pinky204.id.vn"
172.245.168.36 - - [15/Aug/2024:23:54:24 +0700] "POST /index.php/wp-json/litespeed/v1/cdn_status HTTP/1.1" 404 168 "https://www.pinky204.id.vn/wp-admin/update.php?action=upload-plugin" "Mozilla/5.0 (Windows NT 10.0; Win64; x64; rv:128.0) Gecko/20100101 Firefox/128.0"
103.169.35.190 - - [15/Aug/2024:23:54:26 +0700] "POST /wp-cron.php?doing_wp_cron=1723740865.9362549781799316406250 HTTP/1.1" 200 0 "-" "WordPress/6.6.1; http://www.pinky204.id.vn"
34.121.233.170 - - [16/Aug/2024:01:08:21 +0700] "GET / HTTP/1.1" 200 225685 "-" "Mozilla/5.0 (Windows NT 10.0; Win64; x64) AppleWebKit/537.36 (KHTML, like Gecko) Chrome/78.0.3904.108 Safari/537.36"
34.121.233.170 - - [16/Aug/2024:01:08:25 +0700] "GET /?author=1 HTTP/1.1" 301 0 "-" "Mozilla/5.0 (Windows NT 10.0; Win64; x64) AppleWebKit/537.36 (KHTML, like Gecko) Chrome/78.0.3904.108 Safari/537.36"
34.121.233.170 - - [16/Aug/2024:01:08:26 +0700] "GET /?author=2 HTTP/1.1" 302 0 "-" "Mozilla/5.0 (Windows NT 10.0; Win64; x64) AppleWebKit/537.36 (KHTML, like Gecko) Chrome/78.0.3904.108 Safari/537.36"
34.121.233.170 - - [16/Aug/2024:01:08:27 +0700] "GET /wp-json/wp/v2/users/ HTTP/1.1" 200 1242 "-" "Mozilla/5.0 (Windows NT 10.0; Win64; x64) AppleWebKit/537.36 (KHTML, like Gecko) Chrome/78.0.3904.108 Safari/537.36"
34.121.233.170 - - [16/Aug/2024:01:08:29 +0700] "POST /xmlrpc.php HTTP/1.1" 403 699 "-" "Mozilla/5.0 (Windows NT 10.0; Win64; x64) AppleWebKit/537.36 (KHTML, like Gecko) Chrome/78.0.3904.108 Safari/537.36"
103.169.35.190 - - [16/Aug/2024:01:08:22 +0700] "POST /wp-cron.php?doing_wp_cron=1723745302.5815899372100830078125 HTTP/1.1" 200 0 "-" "WordPress/6.6.1; http://pinky204.id.vn"
52.167.144.19 - - [16/Aug/2024:03:05:01 +0700] "GET /wp-sitemap-taxonomies-category-1.xml HTTP/1.1" 301 0 "-" "Mozilla/5.0 AppleWebKit/537.36 (KHTML, like Gecko; compatible; bingbot/2.0; +http://www.bing.com/bingbot.htm) Chrome/116.0.1938.76 Safari/537.36"
52.167.144.19 - - [16/Aug/2024:03:05:03 +0700] "GET /category-sitemap.xml HTTP/1.1" 404 26661 "-" "Mozilla/5.0 AppleWebKit/537.36 (KHTML, like Gecko; compatible; bingbot/2.0; +http://www.bing.com/bingbot.htm) Chrome/116.0.1938.76 Safari/537.36"
103.169.35.190 - - [16/Aug/2024:03:05:03 +0700] "POST /wp-cron.php?doing_wp_cron=1723752302.9205060005187988281250 HTTP/1.1" 200 0 "-" "WordPress/6.6.1; http://www.pinky204.id.vn"
34.82.54.216 - - [16/Aug/2024:03:05:43 +0700] "GET / HTTP/1.1" 200 41961 "-" "Go-http-client/1.1"
34.82.54.216 - - [16/Aug/2024:03:05:44 +0700] "GET /wp-includes/css/buttons.css HTTP/1.1" 200 2495 "-" "Go-http-client/1.1"
103.169.35.190 - - [16/Aug/2024:03:31:07 +0700] "POST /wp-cron.php?doing_wp_cron=1723753867.1757540702819824218750 HTTP/1.1" 200 0 "-" "WordPress/6.6.1; http://pinky204.id.vn"
65.108.204.176 - - [16/Aug/2024:03:31:08 +0700] "POST /xmlrpc.php HTTP/1.1" 403 699 "-" "Mozilla/5.0 (Linux; Android 10; CLT-L29) AppleWebKit/537.36 (KHTML, like Gecko) Chrome/84.0.4147.111 Mobile Safari/537.36"
65.108.204.176 - - [16/Aug/2024:03:31:06 +0700] "GET / HTTP/1.1" 200 48689 "-" "Mozilla/5.0 (Linux; Android 10; CLT-L29) AppleWebKit/537.36 (KHTML, like Gecko) Chrome/84.0.4147.111 Mobile Safari/537.36"
52.167.144.200 - - [16/Aug/2024:04:11:54 +0700] "GET /wp-sitemap-taxonomies-product_tag-1.xml HTTP/1.1" 301 0 "-" "Mozilla/5.0 AppleWebKit/537.36 (KHTML, like Gecko; compatible; bingbot/2.0; +http://www.bing.com/bingbot.htm) Chrome/116.0.1938.76 Safari/537.36"
52.167.144.200 - - [16/Aug/2024:04:11:58 +0700] "GET /product_tag-sitemap.xml HTTP/1.1" 404 26670 "-" "Mozilla/5.0 AppleWebKit/537.36 (KHTML, like Gecko; compatible; bingbot/2.0; +http://www.bing.com/bingbot.htm) Chrome/116.0.1938.76 Safari/537.36"
103.169.35.190 - - [16/Aug/2024:04:11:56 +0700] "POST /wp-cron.php?doing_wp_cron=1723756315.6265010833740234375000 HTTP/1.1" 200 0 "-" "WordPress/6.6.1; http://www.pinky204.id.vn"
52.167.144.163 - - [16/Aug/2024:04:17:16 +0700] "GET /?dgwt_wcas=1&post_type=product&s=2024 HTTP/1.1" 302 0 "-" "Mozilla/5.0 AppleWebKit/537.36 (KHTML, like Gecko; compatible; bingbot/2.0; +http://www.bing.com/bingbot.htm) Chrome/116.0.1938.76 Safari/537.36"
52.167.144.163 - - [16/Aug/2024:04:17:19 +0700] "GET /san-pham/itunes-gift-card-us-20/ HTTP/1.1" 200 34894 "-" "Mozilla/5.0 AppleWebKit/537.36 (KHTML, like Gecko; compatible; bingbot/2.0; +http://www.bing.com/bingbot.htm) Chrome/116.0.1938.76 Safari/537.36"
103.169.35.190 - - [16/Aug/2024:04:17:17 +0700] "POST /wp-cron.php?doing_wp_cron=1723756637.3948841094970703125000 HTTP/1.1" 200 0 "-" "WordPress/6.6.1; http://pinky204.id.vn"
103.169.35.190 - - [16/Aug/2024:05:07:27 +0700] "GET /.well-known/acme-challenge/VRNNHVYSMR7U4X02QL8VB3PP2RJ4L-A- HTTP/1.1" 200 64 "-" "Cpanel-HTTP-Client/1.0"
103.169.35.190 - - [16/Aug/2024:05:07:27 +0700] "GET /.well-known/acme-challenge/SF52CTTT04WB4QQU3601192KAV178UP8 HTTP/1.1" 200 64 "-" "Cpanel-HTTP-Client/1.0"
103.169.35.190 - - [16/Aug/2024:05:07:27 +0700] "GET /.well-known/acme-challenge/5S5FS0P8PMHVGE8LJYVTA2W0SFIMKAL4 HTTP/1.1" 200 64 "-" "Cpanel-HTTP-Client/1.0"
138.199.60.40 - - [16/Aug/2024:05:32:54 +0700] "GET //wp-content/plugins/wp-catcher/index.php HTTP/1.1" 403 699 "-" "Mozilla/5.0 (Windows NT 10.0; Win64; x64) AppleWebKit/537.36 (KHTML, like Gecko) Chrome/90.0.4430.85 Safari/537.36"
103.169.35.190 - - [16/Aug/2024:05:22:43 +0700] "POST /wp-cron.php?doing_wp_cron=1723760562.9555869102478027343750 HTTP/1.1" 200 0 "-" "WordPress/6.6.1; http://pinky204.id.vn"
34.127.12.51 - - [16/Aug/2024:05:22:40 +0700] "GET / HTTP/1.1" 200 225712 "-" "Mozilla/5.0 (Windows NT 10.0; Win64; x64) AppleWebKit/537.36 (KHTML, like Gecko) Chrome/78.0.3904.108 Safari/537.36"
34.127.12.51 - - [16/Aug/2024:05:22:41 +0700] "GET / HTTP/1.1" 200 225712 "-" "Mozilla/5.0 (Windows NT 10.0; Win64; x64) AppleWebKit/537.36 (KHTML, like Gecko) Chrome/78.0.3904.108 Safari/537.36"
34.127.12.51 - - [16/Aug/2024:05:22:41 +0700] "GET /wp-includes/wlwmanifest.xml HTTP/1.1" 404 116308 "-" "Mozilla/5.0 (Windows NT 10.0; Win64; x64) AppleWebKit/537.36 (KHTML, like Gecko) Chrome/78.0.3904.108 Safari/537.36"
34.127.12.51 - - [16/Aug/2024:05:22:44 +0700] "GET /?author=1 HTTP/1.1" 301 0 "-" "Mozilla/5.0 (Windows NT 10.0; Win64; x64) AppleWebKit/537.36 (KHTML, like Gecko) Chrome/78.0.3904.108 Safari/537.36"
34.127.12.51 - - [16/Aug/2024:05:22:45 +0700] "GET /?author=2 HTTP/1.1" 302 0 "-" "Mozilla/5.0 (Windows NT 10.0; Win64; x64) AppleWebKit/537.36 (KHTML, like Gecko) Chrome/78.0.3904.108 Safari/537.36"
34.127.12.51 - - [16/Aug/2024:05:22:47 +0700] "GET /wp-json/wp/v2/users/ HTTP/1.1" 200 1242 "-" "Mozilla/5.0 (Windows NT 10.0; Win64; x64) AppleWebKit/537.36 (KHTML, like Gecko) Chrome/78.0.3904.108 Safari/537.36"
34.127.12.51 - - [16/Aug/2024:05:22:48 +0700] "POST /xmlrpc.php HTTP/1.1" 403 699 "-" "Mozilla/5.0 (Windows NT 10.0; Win64; x64) AppleWebKit/537.36 (KHTML, like Gecko) Chrome/78.0.3904.108 Safari/537.36"
103.169.35.190 - - [16/Aug/2024:05:56:49 +0700] "POST /wp-cron.php?doing_wp_cron=1723762609.5298390388488769531250 HTTP/1.1" 200 0 "-" "WordPress/6.6.1; http://pinky204.id.vn"
199.45.155.73 - - [16/Aug/2024:05:55:10 +0700] "GET /wp-content/uploads/2024/07/cropped-Remove-bg.ai_1721299086899-32x32.png HTTP/1.1" 200 3056 "-" "Mozilla/5.0 (compatible; CensysInspect/1.1; +https://about.censys.io/)"
199.45.155.73 - - [16/Aug/2024:05:55:06 +0700] "GET / HTTP/1.1" 200 41539 "-" "Mozilla/5.0 (compatible; CensysInspect/1.1; +https://about.censys.io/)"
199.45.155.73 - - [16/Aug/2024:05:55:15 +0700] "GET /wp-content/uploads/2024/07/cropped-Remove-bg.ai_1721299086899-180x180.png HTTP/1.1" 200 60135 "-" "Mozilla/5.0 (compatible; CensysInspect/1.1; +https://about.censys.io/)"
103.169.35.190 - - [16/Aug/2024:05:55:09 +0700] "POST /wp-cron.php?doing_wp_cron=1723762509.2641270160675048828125 HTTP/1.1" 200 0 "-" "WordPress/6.6.1; http://mail.pinky204.id.vn"
199.45.155.73 - - [16/Aug/2024:05:55:13 +0700] "GET /wp-content/uploads/2024/07/cropped-Remove-bg.ai_1721299086899-192x192.png HTTP/1.1" 200 66928 "-" "Mozilla/5.0 (compatible; CensysInspect/1.1; +https://about.censys.io/)"
199.45.155.73 - - [16/Aug/2024:05:55:17 +0700] "GET /favicon.ico HTTP/1.1" 404 708 "-" "Mozilla/5.0 (compatible; CensysInspect/1.1; +https://about.censys.io/)"
40.77.167.60 - - [16/Aug/2024:05:56:48 +0700] "GET /san-pham/100-twd-steam-wallet-card/3181 HTTP/1.1" 301 0 "-" "Mozilla/5.0 AppleWebKit/537.36 (KHTML, like Gecko; compatible; bingbot/2.0; +http://www.bing.com/bingbot.htm) Chrome/116.0.1938.76 Safari/537.36"
172.245.168.36 - - [16/Aug/2024:06:09:39 +0700] "POST /index.php/wp-json/litespeed/v1/cdn_status HTTP/1.1" 404 168 "https://pinky204.id.vn/wp-admin/update.php?action=upload-plugin" "Mozilla/5.0 (Windows NT 10.0; Win64; x64; rv:128.0) Gecko/20100101 Firefox/128.0"
172.245.168.36 - - [16/Aug/2024:06:06:30 +0700] "POST /index.php/wp-json/litespeed/v1/cdn_status HTTP/1.1" 404 168 "https://mail.pinky204.id.vn/wp-admin/update.php?action=upload-plugin" "Mozilla/5.0 (Windows NT 10.0; Win64; x64; rv:128.0) Gecko/20100101 Firefox/128.0"
103.169.35.190 - - [16/Aug/2024:06:09:40 +0700] "POST /wp-cron.php?doing_wp_cron=1723763380.5295960903167724609375 HTTP/1.1" 200 0 "-" "WordPress/6.6.1; http://pinky204.id.vn"
103.169.35.190 - - [16/Aug/2024:06:06:31 +0700] "POST /wp-cron.php?doing_wp_cron=1723763191.6956119537353515625000 HTTP/1.1" 200 0 "-" "WordPress/6.6.1; http://mail.pinky204.id.vn"
103.169.35.190 - - [16/Aug/2024:06:21:02 +0700] "POST /wp-cron.php?doing_wp_cron=1723764062.1303300857543945312500 HTTP/1.1" 200 0 "-" "WordPress/6.6.1; http://www.pinky204.id.vn"
172.245.168.36 - - [16/Aug/2024:06:21:00 +0700] "POST /index.php/wp-json/litespeed/v1/cdn_status HTTP/1.1" 404 168 "https://www.pinky204.id.vn/wp-admin/update.php?action=upload-plugin" "Mozilla/5.0 (Windows NT 10.0; Win64; x64; rv:128.0) Gecko/20100101 Firefox/128.0"
52.167.144.192 - - [16/Aug/2024:07:21:42 +0700] "GET /footer/footer-style-one/ HTTP/1.1" 200 21700 "-" "Mozilla/5.0 AppleWebKit/537.36 (KHTML, like Gecko; compatible; bingbot/2.0; +http://www.bing.com/bingbot.htm) Chrome/116.0.1938.76 Safari/537.36"
103.169.35.190 - - [16/Aug/2024:07:21:44 +0700] "POST /wp-cron.php?doing_wp_cron=1723767704.4339060783386230468750 HTTP/1.1" 200 0 "-" "WordPress/6.6.1; http://pinky204.id.vn"
172.245.168.36 - - [16/Aug/2024:08:30:14 +0700] "POST /index.php/wp-json/litespeed/v1/cdn_status HTTP/1.1" 404 168 "https://mail.pinky204.id.vn/wp-admin/update.php?action=upload-plugin" "Mozilla/5.0 (Windows NT 10.0; Win64; x64; rv:128.0) Gecko/20100101 Firefox/128.0"
103.169.35.190 - - [16/Aug/2024:08:30:15 +0700] "POST /wp-cron.php?doing_wp_cron=1723771815.5923318862915039062500 HTTP/1.1" 200 0 "-" "WordPress/6.6.1; http://mail.pinky204.id.vn"
172.245.168.36 - - [16/Aug/2024:08:33:23 +0700] "POST /index.php/wp-json/litespeed/v1/cdn_status HTTP/1.1" 404 168 "https://pinky204.id.vn/wp-admin/update.php?action=upload-plugin" "Mozilla/5.0 (Windows NT 10.0; Win64; x64; rv:128.0) Gecko/20100101 Firefox/128.0"
103.169.35.190 - - [16/Aug/2024:08:33:24 +0700] "POST /wp-cron.php?doing_wp_cron=1723772004.4009499549865722656250 HTTP/1.1" 200 0 "-" "WordPress/6.6.1; http://pinky204.id.vn"
172.245.168.36 - - [16/Aug/2024:08:44:54 +0700] "POST /index.php/wp-json/litespeed/v1/cdn_status HTTP/1.1" 404 168 "https://www.pinky204.id.vn/wp-admin/update.php?action=upload-plugin" "Mozilla/5.0 (Windows NT 10.0; Win64; x64; rv:128.0) Gecko/20100101 Firefox/128.0"
159.223.211.212 - - [16/Aug/2024:09:21:49 +0700] "GET / HTTP/1.1" 200 49159 "-" "Mozilla/5.0 (Windows NT 10.0; Win64; x64) AppleWebKit/537.36 (KHTML, like Gecko) Chrome/126.0.0.0 Safari/537.36"
103.169.35.190 - - [16/Aug/2024:09:21:51 +0700] "POST /wp-cron.php?doing_wp_cron=1723774911.5708520412445068359375 HTTP/1.1" 200 0 "-" "WordPress/6.6.1; http://pinky204.id.vn"
52.208.151.205 - - [16/Aug/2024:09:26:14 +0700] "GET / HTTP/1.1" 200 41993 "-" "Mozilla/5.0 (compatible; MSIE 9.0; Windows NT 6.1; WOW64; Trident/5.0; SLCC2; .NET CLR 2.0.50727; .NET CLR 3.5.30729; .NET CLR 3.0.30729; Media Center PC 6.0; Zune 4.0; InfoPath.3; MS-RTC LM 8; .NET4.0C; .NET4.0E)"
